[nightwatchjs.org/api/index.html]
[backblue.gif]
[fade.gif]
[index.html]
[nightwatchjs.org/api/Nightwatch.js]
[nightwatchjs.org/img/banner.png]
[nightwatchjs.org/css/main.css]
[nightwatchjs.org/index.html]
[nightwatchjs.org/img/cloud-banner.png]
[nightwatchjs.org/css/sidebar.css]
[nightwatchjs.org/img/logo-nightwatch.png]
[nightwatchjs.org/css/themes/prism.css]
[nightwatchjs.org/gettingstarted/index.html]
[nightwatchjs.org/blog/index.html]
[nightwatchjs.org/guide/index.html]
[nightwatchjs.org/img/operation.png]
[nightwatchjs.org/contact/index.html]
[nightwatchjs.org/api/clearValue.html]
[nightwatchjs.org/api/click.html]
[nightwatchjs.org/api/closeWindow.html]
[nightwatchjs.org/api/deleteCookie.html]
[nightwatchjs.org/api/deleteCookies.html]
[nightwatchjs.org/api/end.html]
[nightwatchjs.org/api/getAttribute.html]
[nightwatchjs.org/api/getCookie.html]
[nightwatchjs.org/api/getCookies.html]
[nightwatchjs.org/api/getCssProperty.html]
[nightwatchjs.org/api/getElementSize.html]
[nightwatchjs.org/api/getLocation.html]
[nightwatchjs.org/api/getLocationInView.html]
[nightwatchjs.org/api/getLog.html]
[nightwatchjs.org/api/getLogTypes.html]
[nightwatchjs.org/api/getTagName.html]
[nightwatchjs.org/api/getText.html]
[nightwatchjs.org/api/getTitle.html]
[nightwatchjs.org/api/getValue.html]
[nightwatchjs.org/api/init.html]
[nightwatchjs.org/api/injectScript.html]
[nightwatchjs.org/api/isLogAvailable.html]
[nightwatchjs.org/api/isVisible.html]
[nightwatchjs.org/api/maximizeWindow.html]
[nightwatchjs.org/api/moveToElement.html]
[nightwatchjs.org/api/pause.html]
[nightwatchjs.org/api/perform.html]
[nightwatchjs.org/api/resizeWindow.html]
[nightwatchjs.org/api/saveScreenshot.html]
[nightwatchjs.org/api/setCookie.html]
[nightwatchjs.org/api/setValue.html]
[nightwatchjs.org/api/setWindowPosition.html]
[nightwatchjs.org/api/submitForm.html]
[nightwatchjs.org/api/switchWindow.html]
[nightwatchjs.org/api/urlHash.html]
[nightwatchjs.org/api/useCss.html]
[nightwatchjs.org/api/useXpath.html]
[nightwatchjs.org/api/waitForElementNotPresent.html]
[nightwatchjs.org/api/waitForElementNotVisible.html]
[nightwatchjs.org/api/waitForElementPresent.html]
[nightwatchjs.org/api/waitForElementVisible.html]
[nightwatchjs.org/api/session.html]
[nightwatchjs.org/api/sessions.html]
[nightwatchjs.org/api/timeouts.html]
[nightwatchjs.org/api/timeoutsAsyncScript.html]
[nightwatchjs.org/api/timeoutsImplicitWait.html]
[nightwatchjs.org/api/status.html]
[nightwatchjs.org/api/sessionLog.html]
[nightwatchjs.org/api/sessionLogTypes.html]
[nightwatchjs.org/api/url.html]
[nightwatchjs.org/api/back.html]
[nightwatchjs.org/api/forward.html]
[nightwatchjs.org/api/refresh.html]
[nightwatchjs.org/api/title.html]
[nightwatchjs.org/api/window.html]
[nightwatchjs.org/api/windowHandle.html]
[nightwatchjs.org/api/windowHandles.html]
[nightwatchjs.org/api/windowMaximize.html]
[nightwatchjs.org/api/windowPosition.html]
[nightwatchjs.org/api/windowSize.html]
[nightwatchjs.org/api/frame.html]
[nightwatchjs.org/api/frameParent.html]
[nightwatchjs.org/api/element.html]
[nightwatchjs.org/api/elements.html]
[nightwatchjs.org/api/elementIdElement.html]
[nightwatchjs.org/api/elementIdElements.html]
[nightwatchjs.org/api/elementIdEquals.html]
[nightwatchjs.org/api/elementActive.html]
[nightwatchjs.org/api/elementIdAttribute.html]
[nightwatchjs.org/api/elementIdCssProperty.html]
[nightwatchjs.org/api/elementIdDisplayed.html]
[nightwatchjs.org/api/elementIdEnabled.html]
[nightwatchjs.org/api/elementIdName.html]
[nightwatchjs.org/api/elementIdSelected.html]
[nightwatchjs.org/api/elementIdSize.html]
[nightwatchjs.org/api/elementIdText.html]
[nightwatchjs.org/api/elementIdClear.html]
[nightwatchjs.org/api/elementIdClick.html]
[nightwatchjs.org/api/elementIdValue.html]
[nightwatchjs.org/api/keys.html]
[nightwatchjs.org/api/submit.html]
[nightwatchjs.org/api/elementIdLocationInView.html]
[nightwatchjs.org/api/elementIdLocation.html]
[nightwatchjs.org/api/source.html]
[nightwatchjs.org/api/execute.html]
[nightwatchjs.org/api/executeAsync.html]
[nightwatchjs.org/api/cookie.html]
[nightwatchjs.org/api/doubleClick.html]
[nightwatchjs.org/api/mouseButtonClick.html]
[nightwatchjs.org/api/mouseButtonDown.html]
[nightwatchjs.org/api/mouseButtonUp.html]
[nightwatchjs.org/api/moveTo.html]
[nightwatchjs.org/api/acceptAlert.html]
[nightwatchjs.org/api/dismissAlert.html]
[nightwatchjs.org/api/getAlertText.html]
[nightwatchjs.org/api/setAlertText.html]
[nightwatchjs.org/api/screenshot.html]
[nightwatchjs.org/api/getOrientation.html]
[nightwatchjs.org/api/setOrientation.html]
[nightwatchjs.org/api/contexts.html]
[nightwatchjs.org/api/currentContext.html]
[nightwatchjs.org/js/third-party/prism.js]
[nightwatchjs.org/api/setContext.html]
[nightwatchjs.org/js/third-party/underscore-min.js]
[nightwatchjs.org/js/third-party/swig.min.js]
[nightwatchjs.org/js/third-party/dominomvc-0.1.0.min.js]
[nightwatchjs.org/js/app/views.js]
[nightwatchjs.org/js/app/api/api.js]
[nightwatchjs.org/js/app/app.js]
[nightwatchjs.org/api/index.html]
[nightwatchjs.org/Nightwatch.js]
[nightwatchjs.org/index.html]
[nightwatchjs.org/api/Nightwatch.html]
[nightwatchjs.org/img/sample_test_atom.png]
[nightwatchjs.org/img/demotestoutput.png]
[nightwatchjs.org/img/github.png]
[nightwatchjs.org/img/nightcloud.png]
[nightwatchjs.org/css/main.css]
[nightwatchjs.org/css/sidebar.css]
[nightwatchjs.org/css/themes/prism.css]
[nightwatchjs.org/gettingstarted/Nightwatch.js]
[nightwatchjs.org/gettingstarted/index.html]
[nightwatchjs.org/guide/Nightwatch.js]
[nightwatchjs.org/guide/index.html]
[nightwatchjs.org/Nightwatch.js/index.html]
[nightwatchjs.org/css/blog.css]
[nightwatchjs.org/css/themes/prismjs.css]
[nightwatchjs.org/blog/content/images/2014/12/3qdQ3qGs.jpg]
[nightwatchjs.org/js/third-party/prismjs.js]
[nightwatchjs.org/blog/testing-webrtc-apps-with-nightwatch/index.html]
[nightwatchjs.org/author/andrei/index.html]
[nightwatchjs.org/blog/index.html]
[nightwatchjs.org/blog/rss/index.html]
[nightwatchjs.org/contact/Nightwatch.js]
[nightwatchjs.org/contact/index.html]
[nightwatchjs.org/api/clearValue.html]
[nightwatchjs.org/api/click.html]
[nightwatchjs.org/api/closeWindow.html]
[nightwatchjs.org/api/deleteCookie.html]
[nightwatchjs.org/api/deleteCookies.html]
[nightwatchjs.org/api/end.html]
[nightwatchjs.org/api/getAttribute.html]
[nightwatchjs.org/api/getCookie.html]
[nightwatchjs.org/api/getCookies.html]
[nightwatchjs.org/api/getCssProperty.html]
[nightwatchjs.org/api/getElementSize.html]
[nightwatchjs.org/api/getLocation.html]
[nightwatchjs.org/api/getLocationInView.html]
[nightwatchjs.org/api/getLog.html]
[nightwatchjs.org/api/getLogTypes.html]
[nightwatchjs.org/api/getTagName.html]
[nightwatchjs.org/api/getText.html]
[nightwatchjs.org/api/getTitle.html]
[nightwatchjs.org/api/getValue.html]
[nightwatchjs.org/api/init.html]
[nightwatchjs.org/api/injectScript.html]
[nightwatchjs.org/api/isLogAvailable.html]
[nightwatchjs.org/api/isVisible.html]
[nightwatchjs.org/api/maximizeWindow.html]
[nightwatchjs.org/api/moveToElement.html]
[nightwatchjs.org/api/pause.html]
[nightwatchjs.org/api/perform.html]
[nightwatchjs.org/api/resizeWindow.html]
[nightwatchjs.org/api/saveScreenshot.html]
[nightwatchjs.org/api/setCookie.html]
[nightwatchjs.org/api/setValue.html]
[nightwatchjs.org/api/setWindowPosition.html]
[nightwatchjs.org/api/submitForm.html]
[nightwatchjs.org/api/switchWindow.html]
[nightwatchjs.org/api/urlHash.html]
[nightwatchjs.org/api/useCss.html]
[nightwatchjs.org/api/useXpath.html]
[nightwatchjs.org/api/waitForElementNotPresent.html]
[nightwatchjs.org/api/waitForElementNotVisible.html]
[nightwatchjs.org/api/waitForElementPresent.html]
[nightwatchjs.org/api/waitForElementVisible.html]
[nightwatchjs.org/api/session.html]
[nightwatchjs.org/api/sessions.html]
[nightwatchjs.org/api/timeouts.html]
[nightwatchjs.org/api/timeoutsAsyncScript.html]
[nightwatchjs.org/api/timeoutsImplicitWait.html]
[nightwatchjs.org/api/status.html]
[nightwatchjs.org/api/sessionLog.html]
[nightwatchjs.org/api/sessionLogTypes.html]
[nightwatchjs.org/api/url.html]
[nightwatchjs.org/api/back.html]
[nightwatchjs.org/api/forward.html]
[nightwatchjs.org/api/refresh.html]
[nightwatchjs.org/api/title.html]
[nightwatchjs.org/api/window.html]
[nightwatchjs.org/api/windowHandle.html]
[nightwatchjs.org/api/windowHandles.html]
[nightwatchjs.org/api/windowMaximize.html]
[nightwatchjs.org/api/windowPosition.html]
[nightwatchjs.org/api/windowSize.html]
[nightwatchjs.org/api/frame.html]
[nightwatchjs.org/api/frameParent.html]
[nightwatchjs.org/api/element.html]
[nightwatchjs.org/api/elements.html]
[nightwatchjs.org/api/elementIdElement.html]
[nightwatchjs.org/api/elementIdElements.html]
[nightwatchjs.org/api/elementIdEquals.html]
[nightwatchjs.org/api/elementActive.html]
[nightwatchjs.org/api/elementIdAttribute.html]
[nightwatchjs.org/api/elementIdCssProperty.html]
[nightwatchjs.org/api/elementIdDisplayed.html]
[nightwatchjs.org/api/elementIdEnabled.html]
[nightwatchjs.org/api/elementIdName.html]
[nightwatchjs.org/api/elementIdSelected.html]
[nightwatchjs.org/api/elementIdSize.html]
[nightwatchjs.org/api/elementIdText.html]
[nightwatchjs.org/api/elementIdClear.html]
[nightwatchjs.org/api/elementIdClick.html]
[nightwatchjs.org/api/elementIdValue.html]
[nightwatchjs.org/api/keys.html]
[nightwatchjs.org/api/submit.html]
[nightwatchjs.org/api/elementIdLocationInView.html]
[nightwatchjs.org/api/elementIdLocation.html]
[nightwatchjs.org/api/source.html]
[nightwatchjs.org/api/execute.html]
[nightwatchjs.org/api/executeAsync.html]
[nightwatchjs.org/api/cookie.html]
[nightwatchjs.org/api/doubleClick.html]
[nightwatchjs.org/api/mouseButtonClick.html]
[nightwatchjs.org/api/mouseButtonDown.html]
[nightwatchjs.org/api/mouseButtonUp.html]
[nightwatchjs.org/api/moveTo.html]
[nightwatchjs.org/api/acceptAlert.html]
[nightwatchjs.org/api/dismissAlert.html]
[nightwatchjs.org/api/getAlertText.html]
[nightwatchjs.org/api/setAlertText.html]
[nightwatchjs.org/api/screenshot.html]
[nightwatchjs.org/api/getOrientation.html]
[nightwatchjs.org/api/setOrientation.html]
[nightwatchjs.org/api/contexts.html]
[nightwatchjs.org/api/currentContext.html]
[nightwatchjs.org/api/setContext.html]
[nightwatchjs.org/js/third-party/prism.js]
[nightwatchjs.org/js/third-party/underscore-min.js]
[nightwatchjs.org/js/third-party/swig.min.js]
[nightwatchjs.org/api/).replace(/index.html]
[nightwatchjs.org/404.html]
[nightwatchjs.org/js/third-party/dominomvc-0.1.0.min.js]
[nightwatchjs.org/api/Getting Started _ Nightwatch.js]
[nightwatchjs.org/api/Developer Guide _ Nightwatch.js]
[nightwatchjs.org/api/API Reference _ Nightwatch.js]
[nightwatchjs.org/api/Contact _ Nightwatch.js]
[nightwatchjs.org/js/app/views.js]
[nightwatchjs.org/js/app/api/api.js]
[nightwatchjs.org/js/app/app.js]
[nightwatchjs.org/Nightwatch.html]
[nightwatchjs.org/img/icons/syntax-128.svg]
[nightwatchjs.org/img/icons/testrunner-128.svg]
[nightwatchjs.org/img/icons/selenium-128.svg]
[nightwatchjs.org/img/icons/cloudtesting-128.svg]
[nightwatchjs.org/img/icons/junit-128.svg]
[nightwatchjs.org/img/icons/plugins-128.svg]
[nightwatchjs.org/img/icons/selectors-128.svg]
[nightwatchjs.org/img/icons/remote-128.svg]
[nightwatchjs.org/img/icons/noconfig-128.svg]
[nightwatchjs.org/img/icons/debugging-128.svg]
[nightwatchjs.org/img/icons/management-128.svg]
[nightwatchjs.org/img/icons/screens-128.svg]
[nightwatchjs.org/img/icons/introspection-128.svg]
[nightwatchjs.org/gettingstarted/Nightwatch.html]
[nightwatchjs.org/guide/Nightwatch.html]
[nightwatchjs.org/Nightwatch.js/index.html]
[nightwatchjs.org/css/blog.css]
[nightwatchjs.org/css/themes/prismjs.css]
[nightwatchjs.org/content/images/2014/11/logo-nightwatch-1.png/index.html]
[nightwatchjs.org/blog/testing-webrtc-apps-with-nightwatch/index.html]
[nightwatchjs.org/author/andrei/index.html]
[nightwatchjs.org/js/third-party/prismjs.js]
[nightwatchjs.org/contact/Nightwatch.html]
[nightwatchjs.org/api/).replace(/index.html]
[nightwatchjs.org/404.html]
[nightwatchjs.org/api/Getting Started _ Nightwatch.html]
[nightwatchjs.org/api/Developer Guide _ Nightwatch.html]
[nightwatchjs.org/api/API Reference _ Nightwatch.html]
[nightwatchjs.org/api/Contact _ Nightwatch.html]
[nightwatchjs.org/content/images/2014/11/logo-nightwatch-1.png/index.html]
[nightwatchjs.org/testing-webrtc-apps-with-nightwatch/Nightwatch.js/index.html]
[nightwatchjs.org/testing-webrtc-apps-with-nightwatch/Nightwatch.js/index.html]
[nightwatchjs.org/blog/author/andrei/index.html]
[nightwatchjs.org/blog/author/andrei/index.html]
[nightwatchjs.org/author/andrei/Nightwatch.js/index.html]
[nightwatchjs.org/author/andrei/Nightwatch.js/index.html]
